bash: line 1: dotnet: command not found
